LISTEN 127.0.0.1:50896 semantics=at-least-once
SEND session=18268610775044734084 id=1 op=RESERVE attempt=1
REQUEST session=18268610775044734084 id=1 op=RESERVE from=('127.0.0.1', 50897)
ARGUMENTS id=1 values=(101, 2)
EXECUTE id=1 op=RESERVE status=OK
REPLY id=1 status=OK result={'seats': 8, 'version': 1}
DROP_REPLY id=1
TIMEOUT id=1 attempt=1
SEND session=18268610775044734084 id=1 op=RESERVE attempt=2
REQUEST session=18268610775044734084 id=1 op=RESERVE from=('127.0.0.1', 50897)
ARGUMENTS id=1 values=(101, 2)
EXECUTE id=1 op=RESERVE status=OK
REPLY id=1 status=OK result={'seats': 6, 'version': 2}
DROP_REPLY id=1
TIMEOUT id=1 attempt=2
SEND session=18268610775044734084 id=1 op=RESERVE attempt=3
REQUEST session=18268610775044734084 id=1 op=RESERVE from=('127.0.0.1', 50897)
ARGUMENTS id=1 values=(101, 2)
EXECUTE id=1 op=RESERVE status=OK
REPLY id=1 status=OK result={'seats': 4, 'version': 3}
DROP_REPLY id=1
TIMEOUT id=1 attempt=3
SEND session=18268610775044734084 id=1 op=RESERVE attempt=4
REQUEST session=18268610775044734084 id=1 op=RESERVE from=('127.0.0.1', 50897)
ARGUMENTS id=1 values=(101, 2)
EXECUTE id=1 op=RESERVE status=OK
REPLY id=1 status=OK result={'seats': 2, 'version': 4}
DROP_REPLY id=1
TIMEOUT id=1 attempt=4
