LISTEN 127.0.0.1:50936 semantics=at-most-once
SEND session=517155938359075465 id=1 op=RESERVE attempt=1
REQUEST session=517155938359075465 id=1 op=RESERVE from=('127.0.0.1', 50937)
ARGUMENTS id=1 values=(101, 2)
EXECUTE id=1 op=RESERVE status=OK
REPLY id=1 status=OK result={'seats': 8, 'version': 1}
DROP_REPLY id=1
TIMEOUT id=1 attempt=1
SEND session=517155938359075465 id=1 op=RESERVE attempt=2
REQUEST session=517155938359075465 id=1 op=RESERVE from=('127.0.0.1', 50937)
CACHE_HIT id=1
REPLY id=1 status=OK result={'seats': 8, 'version': 1}
DROP_REPLY id=1
TIMEOUT id=1 attempt=2
SEND session=517155938359075465 id=1 op=RESERVE attempt=3
REQUEST session=517155938359075465 id=1 op=RESERVE from=('127.0.0.1', 50937)
CACHE_HIT id=1
REPLY id=1 status=OK result={'seats': 8, 'version': 1}
DROP_REPLY id=1
TIMEOUT id=1 attempt=3
SEND session=517155938359075465 id=1 op=RESERVE attempt=4
REQUEST session=517155938359075465 id=1 op=RESERVE from=('127.0.0.1', 50937)
CACHE_HIT id=1
REPLY id=1 status=OK result={'seats': 8, 'version': 1}
DROP_REPLY id=1
TIMEOUT id=1 attempt=4
